// Jest Snapshot v1, https://goo.gl/fbAQLP

exports[`snapshot testing snapshot 1`] = `
<View
  accessibilityComponentType={undefined}
  accessibilityLabel={undefined}
  accessibilityTraits={undefined}
  accessible={true}
  hasTVPreferredFocus={undefined}
  hitSlop={undefined}
  isTVSelectable={true}
  nativeID={undefined}
  onLayout={undefined}
  onResponderGrant={[Function]}
  onResponderMove={[Function]}
  onResponderRelease={[Function]}
  onResponderTerminate={[Function]}
  onResponderTerminationRequest={[Function]}
  onStartShouldSetResponder={[Function]}
  style={
    Object {
      "borderRadius": 50,
      "marginHorizontal": 16,
    }
  }
  testID={undefined}
  tvParallaxProperties={undefined}
>
  <Image
    source={
      Object {
        "testUri": "../../../components/assets/info-2-16.png",
      }
    }
    style={
      Object {
        "alignSelf": "center",
        "flex": 1,
        "height": null,
        "resizeMode": "contain",
      }
    }
  />
</View>
`;
