// Jest Snapshot v1, https://goo.gl/fbAQLP

exports[`snapshot testing snapshot 1`] = `
<Text
  accessible={true}
  allowFontScaling={true}
  ellipsizeMode="tail"
  onPress={undefined}
  style={
    Object {
      "borderBottomColor": "#fff",
      "borderBottomWidth": 1,
      "color": "#fff",
      "fontSize": 14,
      "fontWeight": "200",
      "opacity": 0.85,
    }
  }
/>
`;
